
> kaizen-web@0.0.1 build
> astro build

[2m13:44:38[22m [34m[content][39m Syncing content
[2m13:44:38[22m [34m[content][39m Synced content
[2m13:44:38[22m [34m[types][39m Generated [2m46ms[22m
[2m13:44:38[22m [34m[build][39m output: [34m"static"[39m
[2m13:44:38[22m [34m[build][39m mode: [34m"static"[39m
[2m13:44:38[22m [34m[build][39m directory: [34mC:\Users\alexh\OneDrive\Documentos\GitHub\Kaizen\kaizen-web\dist\[39m
[2m13:44:38[22m [34m[build][39m Collecting build info...
[2m13:44:38[22m [34m[build][39m [32mΓ£ô Completed in 68ms.[39m
[2m13:44:38[22m [34m[build][39m Building static entrypoints...
node.exe : [31m[1m13
:44:39[22m [ERROR] 
[vite][39m 
[31mΓ£ù[39m Build 
failed in 631ms
At C:\Program Files\no
dejs\npm.ps1:29 char:3
+   & $NODE_EXE 
$NPM_CLI_JS $args
+   ~~~~~~~~~~~~~~~~~~
~~~~~~~~~~~
    + CategoryInfo    
          : NotSpeci  
  fied: ([31m[1m1   
 3:44:...failed in    
 631ms:String) []    
, RemoteException
    + FullyQualifiedE 
   rrorId : NativeCo  
  mmandError
 
[@tailwindcss/vite:gen
erate:build] Cannot 
apply unknown utility 
class `from-primary`. 
Are you using CSS 
modules or similar 
and missing 
`@reference`? https://
tailwindcss.com/docs/f
unctions-and-directive
s#reference-directive
file: C:/Users/alexh/O
neDrive/Documentos/Git
Hub/Kaizen/kaizen-web/
src/styles/global.css
  [1mStack 
trace:[22m
[2m    at 
onInvalidCandidate (fi
le:///C:/Users/alexh/O
neDrive/Documentos/Git
Hub/Kaizen/kaizen-web/
node_modules/tailwindc
ss/dist/chunk-CT46QCH7
.mjs:21:1314)
    at file:///C:/User
s/alexh/OneDrive/Docum
entos/GitHub/Kaizen/ka
izen-web/node_modules/
tailwindcss/dist/chunk
-CT46QCH7.mjs:21:355
    at I (file:///C:/U
sers/alexh/OneDrive/Do
cumentos/GitHub/Kaizen
/kaizen-web/node_modul
es/tailwindcss/dist/ch
unk-CT46QCH7.mjs:3:137
7)
    at Wi (file:///C:/
Users/alexh/OneDrive/D
ocumentos/GitHub/Kaize
n/kaizen-web/node_modu
les/tailwindcss/dist/c
hunk-CT46QCH7.mjs:38:2
94)
    at async rf (file:
///C:/Users/alexh/OneD
rive/Documentos/GitHub
/Kaizen/kaizen-web/nod
e_modules/tailwindcss/
dist/chunk-CT46QCH7.mj
s:38:1406)[22m
